// Jest Snapshot v1, https://goo.gl/fbAQLP

exports[`renders as a div with a Checkbox and a string of text indicating count 1`] = `
<div>
  <div>
    <Button
      as="button"
      buttonRef={[Function]}
      fluidWidth={false}
      margin="0"
      onClick={[Function]}
      size="medium"
      type="button"
      variant="link"
    >
      <IconArrowOpenRightSolid />
      <span>
        Show 3 completed items
      </span>
    </Button>
  </div>
  <div />
</div>
`;
