// Jest Snapshot v1, https://goo.gl/fbAQLP

exports[`data returns the proper object 1`] = `
Object {
  "combine": false,
}
`;

exports[`form returns the proper object 1`] = `
Array [
  Object {
    "checkbox": true,
    "dataKey": "combine",
    "label": "Merge links",
  },
]
`;

exports[`linkText returns the proper linkText message 1`] = `"Learn more about adjacent links"`;

exports[`message returns the proper message 1`] = `"Adjacent links with the same URL should be a single link."`;

exports[`why returns the proper why message 1`] = `"Keyboards navigate to links using the Tab key. Two adjacent links that direct to the same destination can be confusing to keyboard users."`;
