// Jest Snapshot v1, https://goo.gl/fbAQLP

exports[`linkText returns the proper linkText message 1`] = `"Learn more about color contrast"`;

exports[`message returns the proper message 1`] = `"Text larger than 18pt (or bold 14pt) should display a minimum contrast ratio of 3:1."`;

exports[`why returns the proper why message 1`] = `"Text is difficult to read without sufficient contrast between the text and the background, especially for those with low vision."`;
