// Jest Snapshot v1, https://goo.gl/fbAQLP

exports[`renders correctly with no custom outcomeProficiency 1`] = `
<span>
  <Popover
    alignArrow={false}
    constrain="window"
    contentRef={[Function]}
    defaultFocusElement={null}
    defaultShow={false}
    insertAt="bottom"
    label={null}
    liveRegion={null}
    mountNode={null}
    offsetX={0}
    offsetY={0}
    on={
      Array [
        "hover",
        "click",
      ]
    }
    onBlur={[Function]}
    onClick={[Function]}
    onDismiss={[Function]}
    onFocus={[Function]}
    onMouseOut={[Function]}
    onMouseOver={[Function]}
    onPositionChanged={[Function]}
    onPositioned={[Function]}
    onShow={[Function]}
    onToggle={[Function]}
    placement="bottom"
    positionTarget={null}
    shadow="resting"
    shouldCloseOnDocumentClick={true}
    shouldCloseOnEscape={true}
    shouldContainFocus={true}
    shouldFocusContentOnTriggerBlur={false}
    shouldRenderOffscreen={false}
    shouldReturnFocus={true}
    show={false}
    stacking="topmost"
    trackPosition={true}
    variant="default"
    withArrow={true}
  >
    <PopoverTrigger>
      <Link
        disabled={false}
        iconPlacement="start"
        linkRef={[Function]}
        onClick={[Function]}
        onMouseEnter={[Function]}
        onMouseLeave={[Function]}
        variant="default"
      >
        <span
          style={
            Object {
              "color": "black",
            }
          }
        >
          <IconInfoLine />
        </span>
        <span>
          <ScreenReaderContent
            as="span"
          >
            Click to expand outcome details
          </ScreenReaderContent>
        </span>
      </Link>
    </PopoverTrigger>
    <PopoverContent>
      <View
        as="div"
        borderColor="default"
        debug={false}
        display="auto"
        focusColor="info"
        focusPosition="offset"
        focused={false}
        maxWidth="30rem"
        overflowX="visible"
        overflowY="visible"
        padding="large"
        position="static"
        shouldAnimateFocus={true}
      >
        <CloseButton
          buttonRef={[Function]}
          margin="0"
          offset="x-small"
          onClick={[Function]}
          placement="end"
          size="small"
          variant="icon"
        >
          Click to close outcome details popover
        </CloseButton>
        <Text
          as="span"
          letterSpacing="normal"
          size="small"
          wrap="normal"
        >
          <Flex
            alignItems="stretch"
            as="span"
            direction="row"
            elementRef={[Function]}
            inline={false}
            justifyItems="space-between"
            visualDebug={false}
            wrapItems={false}
          >
            <FlexItem
              as="span"
              elementRef={[Function]}
              grow={true}
              shrink={true}
            >
              <div
                style={
                  Object {
                    "overflowWrap": "break-word",
                    "wordWrap": "break-word",
                  }
                }
              >
                My outcome
              </div>
              <div>
                Last Assessment: 
                <DatetimeDisplay
                  datetime={2018-02-01T07:01:00.000Z}
                  format="%b %d, %l:%M %p"
                />
              </div>
            </FlexItem>
            <FlexItem
              align="stretch"
              as="span"
              elementRef={[Function]}
              grow={true}
              shrink={true}
            >
              <Text
                as="span"
                letterSpacing="normal"
                size="small"
                weight="bold"
                wrap="normal"
              >
                <div>
                  <div
                    style={
                      Object {
                        "color": "#00AC18",
                        "textAlign": "end",
                      }
                    }
                  >
                    Meets Mastery
                  </div>
                </div>
              </Text>
            </FlexItem>
          </Flex>
          <hr
            role="presentation"
          />
          <div>
            <Text
              as="span"
              letterSpacing="normal"
              size="small"
              weight="bold"
              wrap="normal"
            >
              Calculation Method
            </Text>
            <div>
              Highest Score
            </div>
            <div
              style={
                Object {
                  "padding": "0.5rem 0 0 0",
                }
              }
            >
              <Text
                as="span"
                letterSpacing="normal"
                size="small"
                weight="bold"
                wrap="normal"
              >
                Example
              </Text>
            </div>
            <div>
              Mastery score reflects the highest score of a graded assignment or quiz.
            </div>
            <div>
              1- Item Scores: 1, 4, 2, 3
            </div>
            <div>
              2- Final Score: 4
            </div>
          </div>
        </Text>
      </View>
    </PopoverContent>
  </Popover>
</span>
`;

exports[`renders correctly with no results 1`] = `
<span>
  <Popover
    alignArrow={false}
    constrain="window"
    contentRef={[Function]}
    defaultFocusElement={null}
    defaultShow={false}
    insertAt="bottom"
    label={null}
    liveRegion={null}
    mountNode={null}
    offsetX={0}
    offsetY={0}
    on={
      Array [
        "hover",
        "click",
      ]
    }
    onBlur={[Function]}
    onClick={[Function]}
    onDismiss={[Function]}
    onFocus={[Function]}
    onMouseOut={[Function]}
    onMouseOver={[Function]}
    onPositionChanged={[Function]}
    onPositioned={[Function]}
    onShow={[Function]}
    onToggle={[Function]}
    placement="bottom"
    positionTarget={null}
    shadow="resting"
    shouldCloseOnDocumentClick={true}
    shouldCloseOnEscape={true}
    shouldContainFocus={true}
    shouldFocusContentOnTriggerBlur={false}
    shouldRenderOffscreen={false}
    shouldReturnFocus={true}
    show={false}
    stacking="topmost"
    trackPosition={true}
    variant="default"
    withArrow={true}
  >
    <PopoverTrigger>
      <Link
        disabled={false}
        iconPlacement="start"
        linkRef={[Function]}
        onClick={[Function]}
        onMouseEnter={[Function]}
        onMouseLeave={[Function]}
        variant="default"
      >
        <span
          style={
            Object {
              "color": "black",
            }
          }
        >
          <IconInfoLine />
        </span>
        <span>
          <ScreenReaderContent
            as="span"
          >
            Click to expand outcome details
          </ScreenReaderContent>
        </span>
      </Link>
    </PopoverTrigger>
    <PopoverContent>
      <View
        as="div"
        borderColor="default"
        debug={false}
        display="auto"
        focusColor="info"
        focusPosition="offset"
        focused={false}
        maxWidth="30rem"
        overflowX="visible"
        overflowY="visible"
        padding="large"
        position="static"
        shouldAnimateFocus={true}
      >
        <CloseButton
          buttonRef={[Function]}
          margin="0"
          offset="x-small"
          onClick={[Function]}
          placement="end"
          size="small"
          variant="icon"
        >
          Click to close outcome details popover
        </CloseButton>
        <Text
          as="span"
          letterSpacing="normal"
          size="small"
          wrap="normal"
        >
          <Flex
            alignItems="stretch"
            as="span"
            direction="row"
            elementRef={[Function]}
            inline={false}
            justifyItems="space-between"
            visualDebug={false}
            wrapItems={false}
          >
            <FlexItem
              as="span"
              elementRef={[Function]}
              grow={true}
              shrink={true}
            >
              <div
                style={
                  Object {
                    "overflowWrap": "break-word",
                    "wordWrap": "break-word",
                  }
                }
              >
                My outcome
              </div>
              <div>
                Last Assessment: 
                No submissions
              </div>
            </FlexItem>
            <FlexItem
              align="stretch"
              as="span"
              elementRef={[Function]}
              grow={true}
              shrink={true}
            >
              <Text
                as="span"
                letterSpacing="normal"
                size="small"
                weight="bold"
                wrap="normal"
              >
                <div>
                  <div
                    style={
                      Object {
                        "color": "#green",
                        "textAlign": "end",
                      }
                    }
                  >
                    I am Groot
                  </div>
                </div>
              </Text>
            </FlexItem>
          </Flex>
          <hr
            role="presentation"
          />
          <div>
            <Text
              as="span"
              letterSpacing="normal"
              size="small"
              weight="bold"
              wrap="normal"
            >
              Calculation Method
            </Text>
            <div>
              Highest Score
            </div>
            <div
              style={
                Object {
                  "padding": "0.5rem 0 0 0",
                }
              }
            >
              <Text
                as="span"
                letterSpacing="normal"
                size="small"
                weight="bold"
                wrap="normal"
              >
                Example
              </Text>
            </div>
            <div>
              Mastery score reflects the highest score of a graded assignment or quiz.
            </div>
            <div>
              1- Item Scores: 1, 4, 2, 3
            </div>
            <div>
              2- Final Score: 4
            </div>
          </div>
        </Text>
      </View>
    </PopoverContent>
  </Popover>
</span>
`;

exports[`renders the OutcomePopover component 1`] = `
<span>
  <Popover
    alignArrow={false}
    constrain="window"
    contentRef={[Function]}
    defaultFocusElement={null}
    defaultShow={false}
    insertAt="bottom"
    label={null}
    liveRegion={null}
    mountNode={null}
    offsetX={0}
    offsetY={0}
    on={
      Array [
        "hover",
        "click",
      ]
    }
    onBlur={[Function]}
    onClick={[Function]}
    onDismiss={[Function]}
    onFocus={[Function]}
    onMouseOut={[Function]}
    onMouseOver={[Function]}
    onPositionChanged={[Function]}
    onPositioned={[Function]}
    onShow={[Function]}
    onToggle={[Function]}
    placement="bottom"
    positionTarget={null}
    shadow="resting"
    shouldCloseOnDocumentClick={true}
    shouldCloseOnEscape={true}
    shouldContainFocus={true}
    shouldFocusContentOnTriggerBlur={false}
    shouldRenderOffscreen={false}
    shouldReturnFocus={true}
    show={false}
    stacking="topmost"
    trackPosition={true}
    variant="default"
    withArrow={true}
  >
    <PopoverTrigger>
      <Link
        disabled={false}
        iconPlacement="start"
        linkRef={[Function]}
        onClick={[Function]}
        onMouseEnter={[Function]}
        onMouseLeave={[Function]}
        variant="default"
      >
        <span
          style={
            Object {
              "color": "black",
            }
          }
        >
          <IconInfoLine />
        </span>
        <span>
          <ScreenReaderContent
            as="span"
          >
            Click to expand outcome details
          </ScreenReaderContent>
        </span>
      </Link>
    </PopoverTrigger>
    <PopoverContent>
      <View
        as="div"
        borderColor="default"
        debug={false}
        display="auto"
        focusColor="info"
        focusPosition="offset"
        focused={false}
        maxWidth="30rem"
        overflowX="visible"
        overflowY="visible"
        padding="large"
        position="static"
        shouldAnimateFocus={true}
      >
        <CloseButton
          buttonRef={[Function]}
          margin="0"
          offset="x-small"
          onClick={[Function]}
          placement="end"
          size="small"
          variant="icon"
        >
          Click to close outcome details popover
        </CloseButton>
        <Text
          as="span"
          letterSpacing="normal"
          size="small"
          wrap="normal"
        >
          <Flex
            alignItems="stretch"
            as="span"
            direction="row"
            elementRef={[Function]}
            inline={false}
            justifyItems="space-between"
            visualDebug={false}
            wrapItems={false}
          >
            <FlexItem
              as="span"
              elementRef={[Function]}
              grow={true}
              shrink={true}
            >
              <div
                style={
                  Object {
                    "overflowWrap": "break-word",
                    "wordWrap": "break-word",
                  }
                }
              >
                My outcome
              </div>
              <div>
                Last Assessment: 
                <DatetimeDisplay
                  datetime={2018-02-01T07:01:00.000Z}
                  format="%b %d, %l:%M %p"
                />
              </div>
            </FlexItem>
            <FlexItem
              align="stretch"
              as="span"
              elementRef={[Function]}
              grow={true}
              shrink={true}
            >
              <Text
                as="span"
                letterSpacing="normal"
                size="small"
                weight="bold"
                wrap="normal"
              >
                <div>
                  <div
                    style={
                      Object {
                        "color": "#green",
                        "textAlign": "end",
                      }
                    }
                  >
                    I am Groot
                  </div>
                </div>
              </Text>
            </FlexItem>
          </Flex>
          <hr
            role="presentation"
          />
          <div>
            <Text
              as="span"
              letterSpacing="normal"
              size="small"
              weight="bold"
              wrap="normal"
            >
              Calculation Method
            </Text>
            <div>
              Highest Score
            </div>
            <div
              style={
                Object {
                  "padding": "0.5rem 0 0 0",
                }
              }
            >
              <Text
                as="span"
                letterSpacing="normal"
                size="small"
                weight="bold"
                wrap="normal"
              >
                Example
              </Text>
            </div>
            <div>
              Mastery score reflects the highest score of a graded assignment or quiz.
            </div>
            <div>
              1- Item Scores: 1, 4, 2, 3
            </div>
            <div>
              2- Final Score: 4
            </div>
          </div>
        </Text>
      </View>
    </PopoverContent>
  </Popover>
</span>
`;
