// Jest Snapshot v1, https://goo.gl/fbAQLP

exports[`properly renders the UnassessedAssignment component 1`] = `
<ListItem
  key="1"
>
  <View
    borderColor="default"
    debug={false}
    display="block"
    focusColor="info"
    focusPosition="offset"
    focused={false}
    overflowX="visible"
    overflowY="visible"
    padding="small"
    position="static"
    shouldAnimateFocus={true}
  >
    <ApplyTheme
      immutable={false}
      theme={
        Object {
          Symbol(Button__eHiXd): Object {
            "fontWeight": "700",
            "linkColor": "#68777D",
          },
        }
      }
    >
      <Button
        as="button"
        buttonRef={[Function]}
        cursor="pointer"
        fluidWidth={false}
        href="www.example.com"
        icon={[Function]}
        margin="0"
        size="medium"
        theme={
          Object {
            "mediumHeight": "normal",
            "mediumPadding": "0",
          }
        }
        type="button"
        variant="link"
      >
        example
         (
        Not yet assessed
        )
      </Button>
    </ApplyTheme>
  </View>
</ListItem>
`;
