// Jest Snapshot v1, https://goo.gl/fbAQLP

exports[`renders an empty div 1`] = `
<div
  className="NotificationBadge-styles__activityIndicator"
/>
`;

exports[`renders an indicator 1`] = `
<div
  className="NotificationBadge-styles__activityIndicator NotificationBadge-styles__hasBadge"
>
  <Animatable(NewActivityIndicator)
    title="blah"
  />
</div>
`;
