// Jest Snapshot v1, https://goo.gl/fbAQLP

exports[`The CommentButton component renders the root component as expected 1`] = `
"<div>
  <Button variant=\\"icon\\" icon={{...}} margin=\\"0 x-small 0 0\\" onClick={[Function]} as=\\"button\\" type=\\"button\\" size=\\"medium\\" fluidWidth={false} buttonRef={[Function]}>
    <ScreenReaderContent as=\\"span\\">
      Additional Comments
    </ScreenReaderContent>
  </Button>
  <CommentDialog description=\\"Criterion description\\" open={false} comments=\\"some things\\" finalize={[Function]} setComments={[Function]} />
</div>"
`;

exports[`The CommentButton component renders the root component as expected 2`] = `
"<Modal open={false} onDismiss={[Function]} size=\\"medium\\" label=\\"Additional Comments\\" shouldCloseOnDocumentClick={true} transition=\\"fade\\" onOpen={[Function]} onClose={[Function]} onEnter={[Function]} onEntering={[Function]} onEntered={[Function]} onExit={[Function]} onExiting={[Function]} onExited={[Function]} mountNode={{...}} insertAt=\\"bottom\\" liveRegion={{...}} contentRef={[Function]} shouldReturnFocus={true} defaultFocusElement={{...}}>
  <ModalHeader>
    <CloseButton placement=\\"end\\" offset=\\"medium\\" variant=\\"icon\\" onClick={[Function]} buttonRef={[Function]} size=\\"small\\" margin=\\"0\\">
      Close
    </CloseButton>
    <Heading border=\\"none\\" color=\\"inherit\\" level=\\"h2\\" ellipsis={false}>
      Additional Comments
    </Heading>
    <Heading level=\\"h3\\" border=\\"none\\" color=\\"inherit\\" ellipsis={false}>
      Criterion description
    </Heading>
  </ModalHeader>
  <ModalBody padding=\\"medium\\" as=\\"div\\">
    <TextArea label=\\"Comments\\" maxHeight=\\"50rem\\" onChange={[Function]} value=\\"some things\\" size=\\"medium\\" autoGrow={true} resize=\\"none\\" inline={false} messages={{...}} disabled={false} readOnly={false} textareaRef={[Function]} layout=\\"stacked\\" />
  </ModalBody>
  <ModalFooter>
    <Button variant=\\"light\\" margin=\\"0 x-small 0 0\\" onClick={[Function]} as=\\"button\\" type=\\"button\\" size=\\"medium\\" fluidWidth={false} buttonRef={[Function]}>
      Cancel
    </Button>
    Â 
    <Button variant=\\"primary\\" margin=\\"0 x-small 0 0\\" onClick={[Function]} as=\\"button\\" type=\\"button\\" size=\\"medium\\" fluidWidth={false} buttonRef={[Function]}>
      Update Comment
    </Button>
  </ModalFooter>
</Modal>"
`;
