// Jest Snapshot v1, https://goo.gl/fbAQLP

exports[`RubricManagement renders the RubricManagement component 1`] = `
<TabList
  defaultSelectedIndex={0}
  elementRef={[Function]}
  focus={false}
  variant="simple"
>
  <TabPanel
    disabled={false}
    id={null}
    labelledBy={null}
    padding="small"
    selected={false}
    tabRef={[Function]}
    title="Account Rubrics"
    variant="simple"
  >
    <RubricPanel />
  </TabPanel>
  <TabPanel
    disabled={false}
    id={null}
    labelledBy={null}
    padding="small"
    selected={false}
    tabRef={[Function]}
    title="Learning Mastery"
    variant="simple"
  >
    <ProficiencyTable
      accountId="1"
      focusTab={[Function]}
    />
  </TabPanel>
</TabList>
`;
