// Jest Snapshot v1, https://goo.gl/fbAQLP

exports[`default proficiency renders the ProficiencyRating component 1`] = `
<div
  style={
    Object {
      "textAlign": "center",
    }
  }
>
  <Spinner
    as="div"
    margin="0 0 0 medium"
    renderTitle="Loading"
    size="large"
    variant="default"
  />
</div>
`;
