// Jest Snapshot v1, https://goo.gl/fbAQLP

exports[`The CriterionInfo component renders the root component as expected 1`] = `
<span>
  <Button
    as="button"
    cursor="pointer"
    display="inline-block"
    elementRef={[Function]}
    icon={<IconQuestionLine />}
    margin="0"
    onClick={[Function]}
    size="medium"
    textAlign="center"
    type="button"
    variant="icon"
    withBackground={true}
  >
    <ScreenReaderContent
      as="span"
    >
      More Information About Ratings
    </ScreenReaderContent>
  </Button>
</span>
`;

exports[`The CriterionInfo component renders the root component as expected 2`] = `
<span>
  <Button
    as="button"
    cursor="pointer"
    display="inline-block"
    elementRef={[Function]}
    icon={<IconQuestionLine />}
    margin="0"
    onClick={[Function]}
    size="medium"
    textAlign="center"
    type="button"
    variant="icon"
    withBackground={true}
  >
    <ScreenReaderContent
      as="span"
    >
      More Information About Ratings
    </ScreenReaderContent>
  </Button>
  <Modal
    as="form"
    constrain="window"
    contentRef={[Function]}
    defaultFocusElement={null}
    insertAt="bottom"
    label="Criterion Ratings"
    liveRegion={null}
    mountNode={null}
    onClose={[Function]}
    onDismiss={[Function]}
    onEnter={[Function]}
    onEntered={[Function]}
    onEntering={[Function]}
    onExit={[Function]}
    onExited={[Function]}
    onExiting={[Function]}
    onOpen={[Function]}
    open={true}
    overflow="scroll"
    shouldCloseOnDocumentClick={true}
    shouldReturnFocus={true}
    size="medium"
    transition="fade"
    variant="default"
  >
    <ModalHeader
      variant="default"
    >
      <CloseButton
        as="button"
        cursor="pointer"
        margin="0"
        offset="medium"
        onClick={[Function]}
        placement="end"
        size="small"
        type="button"
        variant="icon"
      >
        Close
      </CloseButton>
      <Heading
        border="none"
        color="inherit"
        level="h2"
      >
        Criterion Ratings
      </Heading>
    </ModalHeader>
    <ModalBody
      as="div"
      padding="medium"
      variant="default"
    >
      <Text
        as="span"
        letterSpacing="normal"
        lineHeight="double"
        size="medium"
        wrap="normal"
      >
        
Learning outcomes can be included in assignment rubrics as an easy way to assess
mastery of outcomes aligned to specific assignments.  When you define a learning
outcome, you should also define a criterion that can be used when building
assignment rubrics.  Define as many rubric columns as you need, and specify a
point threshold that will be used to define mastery of this outcome.

      </Text>
    </ModalBody>
  </Modal>
</span>
`;
