// Jest Snapshot v1, https://goo.gl/fbAQLP

exports[`transformApiToInternalItem copes with a non-existent (e.g. concluded) course 1`] = `
Object {
  "completed": false,
  "context": undefined,
  "course_id": 999,
  "date": "2017-05-19T05:59:59Z",
  "dateBucketMoment": "2017-05-19T00:00:00.000Z",
  "details": "Some To Do Note Details :)",
  "html_url": undefined,
  "id": 10,
  "newActivity": false,
  "overrideAssignId": undefined,
  "overrideId": null,
  "points": undefined,
  "status": false,
  "title": "Some To Do Note",
  "toggleAPIPending": false,
  "type": "To Do",
  "uniqueId": "planner_note-10",
}
`;

exports[`transformApiToInternalItem extracts and transforms the proper data for a assignment response 1`] = `
Object {
  "completed": false,
  "context": Object {
    "color": "#abffaa",
    "id": "1",
    "image_url": "blah_url",
    "inform_students_of_overdue_submissions": true,
    "title": "blah",
    "type": "Course",
    "url": undefined,
  },
  "course_id": "1",
  "date": "2017-05-19T05:59:59Z",
  "dateBucketMoment": "2017-05-19T00:00:00.000Z",
  "html_url": "/courses/1/assignments/10",
  "id": "10",
  "newActivity": false,
  "overrideAssignId": undefined,
  "overrideId": null,
  "points": 50,
  "status": false,
  "title": "How to be neutral",
  "toggleAPIPending": false,
  "type": "Assignment",
  "uniqueId": "assignment-10",
}
`;

exports[`transformApiToInternalItem extracts and transforms the proper data for a discussion response 1`] = `
Object {
  "completed": false,
  "context": Object {
    "color": "#abffaa",
    "id": "1",
    "image_url": "blah_url",
    "inform_students_of_overdue_submissions": true,
    "title": "blah",
    "type": "Course",
    "url": undefined,
  },
  "course_id": undefined,
  "date": "2017-05-19T05:59:59Z",
  "dateBucketMoment": "2017-05-19T00:00:00.000Z",
  "html_url": "/courses/1/discussion_topics/10",
  "id": "1",
  "newActivity": false,
  "overrideAssignId": 9,
  "overrideId": null,
  "points": 40,
  "status": false,
  "title": "How to make enemies",
  "toggleAPIPending": false,
  "type": "Discussion",
  "uniqueId": "discussion_topic-1",
  "unread_count": 0,
}
`;

exports[`transformApiToInternalItem extracts and transforms the proper data for a graded discussion reponse with an unread count 1`] = `
Object {
  "completed": true,
  "context": Object {
    "color": "#abffaa",
    "id": "1",
    "image_url": "blah_url",
    "inform_students_of_overdue_submissions": true,
    "title": "blah",
    "type": "Course",
    "url": undefined,
  },
  "course_id": undefined,
  "date": "2017-05-19T05:59:59Z",
  "dateBucketMoment": "2017-05-19T00:00:00.000Z",
  "html_url": "/courses/1/discussion_topics/10",
  "id": "1",
  "newActivity": false,
  "overrideAssignId": 9,
  "overrideId": null,
  "points": 40,
  "status": Object {
    "submitted": true,
    "unread_count": 10,
  },
  "title": "How to make enemies",
  "toggleAPIPending": false,
  "type": "Discussion",
  "uniqueId": "discussion_topic-1",
  "unread_count": 10,
}
`;

exports[`transformApiToInternalItem extracts and transforms the proper data for a graded discussion response 1`] = `
Object {
  "completed": false,
  "context": Object {
    "color": "#abffaa",
    "id": "1",
    "image_url": "blah_url",
    "inform_students_of_overdue_submissions": true,
    "title": "blah",
    "type": "Course",
    "url": undefined,
  },
  "course_id": undefined,
  "date": "2017-05-15T16:32:34Z",
  "dateBucketMoment": "2017-05-15T00:00:00.000Z",
  "html_url": "/courses/1/discussion_topics/10",
  "id": "1",
  "newActivity": false,
  "overrideAssignId": 10,
  "overrideId": null,
  "points": undefined,
  "status": false,
  "title": "How to make friends part 2",
  "toggleAPIPending": false,
  "type": "Discussion",
  "uniqueId": "discussion_topic-1",
  "unread_count": 0,
}
`;

exports[`transformApiToInternalItem extracts and transforms the proper data for a planner_note response 1`] = `
Object {
  "completed": false,
  "context": Object {
    "color": "#abffaa",
    "id": "1",
    "image_url": "blah_url",
    "inform_students_of_overdue_submissions": true,
    "title": "blah",
    "type": "Planner Note",
    "url": undefined,
  },
  "course_id": "1",
  "date": "2017-05-19T05:59:59Z",
  "dateBucketMoment": "2017-05-19T00:00:00.000Z",
  "details": "Some To Do Note Details :)",
  "html_url": undefined,
  "id": 10,
  "newActivity": false,
  "overrideAssignId": undefined,
  "overrideId": null,
  "points": undefined,
  "status": false,
  "title": "Some To Do Note",
  "toggleAPIPending": false,
  "type": "To Do",
  "uniqueId": "planner_note-10",
}
`;

exports[`transformApiToInternalItem extracts and transforms the proper data for a planner_note response without an associated course 1`] = `
Object {
  "completed": false,
  "course_id": undefined,
  "date": "2017-05-19T05:59:59Z",
  "dateBucketMoment": "2017-05-19T00:00:00.000Z",
  "details": "Some To Do Note Details :)",
  "html_url": undefined,
  "id": 10,
  "newActivity": false,
  "overrideAssignId": undefined,
  "overrideId": null,
  "points": undefined,
  "status": false,
  "title": "Some To Do Note",
  "toggleAPIPending": false,
  "type": "To Do",
  "uniqueId": "planner_note-10",
}
`;

exports[`transformApiToInternalItem extracts and transforms the proper data for a quiz response 1`] = `
Object {
  "completed": false,
  "context": Object {
    "color": "#abffaa",
    "id": "1",
    "image_url": "blah_url",
    "inform_students_of_overdue_submissions": true,
    "title": "blah",
    "type": "Course",
    "url": undefined,
  },
  "course_id": "1",
  "date": "2017-05-19T05:59:59Z",
  "dateBucketMoment": "2017-05-19T00:00:00.000Z",
  "html_url": "/courses/1/assignments/10",
  "id": "10",
  "newActivity": false,
  "overrideAssignId": undefined,
  "overrideId": null,
  "points": 100,
  "status": false,
  "title": "How to make friends",
  "toggleAPIPending": false,
  "type": "Quiz",
  "uniqueId": "quiz-10",
}
`;

exports[`transformApiToInternalItem extracts and transforms the proper data for an announcement response 1`] = `
Object {
  "completed": false,
  "context": Object {
    "color": "#abffaa",
    "id": "1",
    "image_url": "blah_url",
    "inform_students_of_overdue_submissions": true,
    "title": "blah",
    "type": "Course",
    "url": undefined,
  },
  "course_id": undefined,
  "date": "2017-05-15T16:32:34Z",
  "dateBucketMoment": "2017-05-15T00:00:00.000Z",
  "html_url": "/courses/1/discussion_topics/10",
  "id": "1",
  "newActivity": false,
  "overrideAssignId": 9,
  "overrideId": null,
  "points": undefined,
  "status": Object {
    "unread_count": 1,
  },
  "title": "",
  "toggleAPIPending": false,
  "type": "Announcement",
  "uniqueId": "announcement-1",
  "unread_count": 1,
}
`;

exports[`transformApiToInternalItem extracts and transforms the proper data for an ungraded discussion reponse with an unread count 1`] = `
Object {
  "completed": false,
  "context": Object {
    "color": "#abffaa",
    "id": "1",
    "image_url": "blah_url",
    "inform_students_of_overdue_submissions": true,
    "title": "blah",
    "type": "Course",
    "url": undefined,
  },
  "course_id": undefined,
  "date": "2017-05-19T05:59:59Z",
  "dateBucketMoment": "2017-05-19T00:00:00.000Z",
  "html_url": "/courses/1/discussion_topics/10",
  "id": "1",
  "newActivity": false,
  "overrideAssignId": 9,
  "overrideId": null,
  "points": undefined,
  "status": Object {
    "unread_count": 10,
  },
  "title": "How to make enemies",
  "toggleAPIPending": false,
  "type": "Discussion",
  "uniqueId": "discussion_topic-1",
  "unread_count": 10,
}
`;

exports[`transformApiToInternalItem handles account-level group items 1`] = `
Object {
  "completed": false,
  "context": Object {
    "color": "#ffeeee",
    "id": "9",
    "image_url": undefined,
    "inform_students_of_overdue_submissions": false,
    "title": "group9",
    "type": "Group",
    "url": "/groups/9",
  },
  "course_id": undefined,
  "date": "2017-06-16 10:08:00Z",
  "dateBucketMoment": "2017-06-16T00:00:00.000Z",
  "html_url": "/groups/9/pages/25",
  "id": "25",
  "newActivity": false,
  "overrideAssignId": undefined,
  "overrideId": null,
  "points": undefined,
  "status": false,
  "title": "wiki_page title",
  "toggleAPIPending": false,
  "type": "Page",
  "uniqueId": "wiki_page-25",
}
`;

exports[`transformPlannerNoteApiToInternalItem transforms the planner note response to an internal item when the planner note has an associated course 1`] = `
Object {
  "completed": false,
  "context": Object {
    "color": "#abffaa",
    "id": "1",
    "image_url": "blah_url",
    "inform_students_of_overdue_submissions": true,
    "title": "blah",
    "type": "Planner Note",
    "url": undefined,
  },
  "course_id": "1",
  "date": "2017-06-21T18:58:51Z",
  "dateBucketMoment": "2017-06-21T00:00:00.000Z",
  "details": "asdfasdfasdf",
  "id": 14,
  "status": false,
  "title": "abc123",
  "type": "To Do",
  "uniqueId": "planner_note-14",
}
`;

exports[`transformPlannerNoteApiToInternalItem transforms the planner note response to the internal item 1`] = `
Object {
  "completed": false,
  "context": Object {},
  "course_id": null,
  "date": "2017-06-21T18:58:51Z",
  "dateBucketMoment": "2017-06-21T00:00:00.000Z",
  "details": "asdfasdfasdf",
  "id": 14,
  "status": false,
  "title": "abc123",
  "type": "To Do",
  "uniqueId": "planner_note-14",
}
`;
